---
source: src/parser/treesitter/parser.rs
expression: index.index.symbols.iter().sorted()
---
IntoIter(
    [
        Symbol {
            kind: Module,
            name: "enum",
            definition: Some(
                Occurrence {
                    language: Python,
                    absolute_path: "tests/fixtures/python.py",
                    range: Range {
                        start_line: 87,
                        end_line: 87,
                        start_column: 6,
                        end_column: 10,
                    },
                    roles: Roles(
                        [
                            Definition,
                        ],
                    ),
                },
            ),
            occurrences: [],
        },
        Symbol {
            kind: Module,
            name: "os",
            definition: Some(
                Occurrence {
                    language: Python,
                    absolute_path: "tests/fixtures/python.py",
                    range: Range {
                        start_line: 5,
                        end_line: 5,
                        start_column: 8,
                        end_column: 10,
                    },
                    roles: Roles(
                        [
                            Definition,
                        ],
                    ),
                },
            ),
            occurrences: [],
        },
        Symbol {
            kind: Module,
            name: "sys",
            definition: Some(
                Occurrence {
                    language: Python,
                    absolute_path: "tests/fixtures/python.py",
                    range: Range {
                        start_line: 6,
                        end_line: 6,
                        start_column: 6,
                        end_column: 9,
                    },
                    roles: Roles(
                        [
                            Definition,
                        ],
                    ),
                },
            ),
            occurrences: [],
        },
        Symbol {
            kind: Class,
            name: "MyClass",
            definition: Some(
                Occurrence {
                    language: Python,
                    absolute_path: "tests/fixtures/python.py",
                    range: Range {
                        start_line: 31,
                        end_line: 31,
                        start_column: 7,
                        end_column: 14,
                    },
                    roles: Roles(
                        [
                            Definition,
                        ],
                    ),
                },
            ),
            occurrences: [],
        },
        Symbol {
            kind: Class,
            name: "User",
            definition: Some(
                Occurrence {
                    language: Python,
                    absolute_path: "tests/fixtures/python.py",
                    range: Range {
                        start_line: 105,
                        end_line: 105,
                        start_column: 7,
                        end_column: 11,
                    },
                    roles: Roles(
                        [
                            Definition,
                        ],
                    ),
                },
            ),
            occurrences: [],
        },
        Symbol {
            kind: Enum,
            name: "Color",
            definition: Some(
                Occurrence {
                    language: Python,
                    absolute_path: "tests/fixtures/python.py",
                    range: Range {
                        start_line: 89,
                        end_line: 89,
                        start_column: 7,
                        end_column: 12,
                    },
                    roles: Roles(
                        [
                            Definition,
                        ],
                    ),
                },
            ),
            occurrences: [],
        },
        Symbol {
            kind: Error,
            name: "MyError",
            definition: Some(
                Occurrence {
                    language: Python,
                    absolute_path: "tests/fixtures/python.py",
                    range: Range {
                        start_line: 98,
                        end_line: 98,
                        start_column: 7,
                        end_column: 14,
                    },
                    roles: Roles(
                        [
                            Definition,
                        ],
                    ),
                },
            ),
            occurrences: [],
        },
        Symbol {
            kind: Variable,
            name: "bool_false",
            definition: Some(
                Occurrence {
                    language: Python,
                    absolute_path: "tests/fixtures/python.py",
                    range: Range {
                        start_line: 80,
                        end_line: 80,
                        start_column: 1,
                        end_column: 11,
                    },
                    roles: Roles(
                        [
                            Definition,
                        ],
                    ),
                },
            ),
            occurrences: [],
        },
        Symbol {
            kind: Variable,
            name: "bool_true",
            definition: Some(
                Occurrence {
                    language: Python,
                    absolute_path: "tests/fixtures/python.py",
                    range: Range {
                        start_line: 79,
                        end_line: 79,
                        start_column: 1,
                        end_column: 10,
                    },
                    roles: Roles(
                        [
                            Definition,
                        ],
                    ),
                },
            ),
            occurrences: [],
        },
        Symbol {
            kind: Variable,
            name: "float_value",
            definition: Some(
                Occurrence {
                    language: Python,
                    absolute_path: "tests/fixtures/python.py",
                    range: Range {
                        start_line: 78,
                        end_line: 78,
                        start_column: 1,
                        end_column: 12,
                    },
                    roles: Roles(
                        [
                            Definition,
                        ],
                    ),
                },
            ),
            occurrences: [],
        },
        Symbol {
            kind: Variable,
            name: "int_value",
            definition: Some(
                Occurrence {
                    language: Python,
                    absolute_path: "tests/fixtures/python.py",
                    range: Range {
                        start_line: 77,
                        end_line: 77,
                        start_column: 1,
                        end_column: 10,
                    },
                    roles: Roles(
                        [
                            Definition,
                        ],
                    ),
                },
            ),
            occurrences: [],
        },
        Symbol {
            kind: Variable,
            name: "local_var",
            definition: Some(
                Occurrence {
                    language: Python,
                    absolute_path: "tests/fixtures/python.py",
                    range: Range {
                        start_line: 24,
                        end_line: 24,
                        start_column: 5,
                        end_column: 14,
                    },
                    roles: Roles(
                        [
                            Definition,
                        ],
                    ),
                },
            ),
            occurrences: [],
        },
        Symbol {
            kind: Variable,
            name: "none_value",
            definition: Some(
                Occurrence {
                    language: Python,
                    absolute_path: "tests/fixtures/python.py",
                    range: Range {
                        start_line: 81,
                        end_line: 81,
                        start_column: 1,
                        end_column: 11,
                    },
                    roles: Roles(
                        [
                            Definition,
                        ],
                    ),
                },
            ),
            occurrences: [],
        },
        Symbol {
            kind: Variable,
            name: "obj",
            definition: Some(
                Occurrence {
                    language: Python,
                    absolute_path: "tests/fixtures/python.py",
                    range: Range {
                        start_line: 69,
                        end_line: 69,
                        start_column: 1,
                        end_column: 4,
                    },
                    roles: Roles(
                        [
                            Definition,
                        ],
                    ),
                },
            ),
            occurrences: [],
        },
        Symbol {
            kind: Variable,
            name: "result",
            definition: Some(
                Occurrence {
                    language: Python,
                    absolute_path: "tests/fixtures/python.py",
                    range: Range {
                        start_line: 42,
                        end_line: 42,
                        start_column: 9,
                        end_column: 15,
                    },
                    roles: Roles(
                        [
                            Definition,
                        ],
                    ),
                },
            ),
            occurrences: [],
        },
        Symbol {
            kind: Variable,
            name: "string_value",
            definition: Some(
                Occurrence {
                    language: Python,
                    absolute_path: "tests/fixtures/python.py",
                    range: Range {
                        start_line: 76,
                        end_line: 76,
                        start_column: 1,
                        end_column: 13,
                    },
                    roles: Roles(
                        [
                            Definition,
                        ],
                    ),
                },
            ),
            occurrences: [],
        },
        Symbol {
            kind: Variable,
            name: "temp",
            definition: Some(
                Occurrence {
                    language: Python,
                    absolute_path: "tests/fixtures/python.py",
                    range: Range {
                        start_line: 38,
                        end_line: 38,
                        start_column: 9,
                        end_column: 13,
                    },
                    roles: Roles(
                        [
                            Definition,
                        ],
                    ),
                },
            ),
            occurrences: [],
        },
        Symbol {
            kind: Variable,
            name: "value",
            definition: Some(
                Occurrence {
                    language: Python,
                    absolute_path: "tests/fixtures/python.py",
                    range: Range {
                        start_line: 70,
                        end_line: 70,
                        start_column: 1,
                        end_column: 6,
                    },
                    roles: Roles(
                        [
                            Definition,
                        ],
                    ),
                },
            ),
            occurrences: [],
        },
        Symbol {
            kind: Variable,
            name: "variable",
            definition: Some(
                Occurrence {
                    language: Python,
                    absolute_path: "tests/fixtures/python.py",
                    range: Range {
                        start_line: 13,
                        end_line: 13,
                        start_column: 1,
                        end_column: 9,
                    },
                    roles: Roles(
                        [
                            Definition,
                        ],
                    ),
                },
            ),
            occurrences: [],
        },
        Symbol {
            kind: Constant,
            name: "MAX_COUNT",
            definition: Some(
                Occurrence {
                    language: Python,
                    absolute_path: "tests/fixtures/python.py",
                    range: Range {
                        start_line: 12,
                        end_line: 12,
                        start_column: 1,
                        end_column: 10,
                    },
                    roles: Roles(
                        [
                            Definition,
                        ],
                    ),
                },
            ),
            occurrences: [],
        },
        Symbol {
            kind: Field,
            name: "AGE",
            definition: Some(
                Occurrence {
                    language: Python,
                    absolute_path: "tests/fixtures/python.py",
                    range: Range {
                        start_line: 107,
                        end_line: 107,
                        start_column: 5,
                        end_column: 8,
                    },
                    roles: Roles(
                        [
                            Definition,
                        ],
                    ),
                },
            ),
            occurrences: [],
        },
        Symbol {
            kind: Field,
            name: "CLASS_CONST",
            definition: Some(
                Occurrence {
                    language: Python,
                    absolute_path: "tests/fixtures/python.py",
                    range: Range {
                        start_line: 32,
                        end_line: 32,
                        start_column: 5,
                        end_column: 16,
                    },
                    roles: Roles(
                        [
                            Definition,
                        ],
                    ),
                },
            ),
            occurrences: [],
        },
        Symbol {
            kind: Field,
            name: "name",
            definition: Some(
                Occurrence {
                    language: Python,
                    absolute_path: "tests/fixtures/python.py",
                    range: Range {
                        start_line: 106,
                        end_line: 106,
                        start_column: 5,
                        end_column: 9,
                    },
                    roles: Roles(
                        [
                            Definition,
                        ],
                    ),
                },
            ),
            occurrences: [],
        },
        Symbol {
            kind: EnumMember,
            name: "BLUE",
            definition: Some(
                Occurrence {
                    language: Python,
                    absolute_path: "tests/fixtures/python.py",
                    range: Range {
                        start_line: 92,
                        end_line: 92,
                        start_column: 5,
                        end_column: 9,
                    },
                    roles: Roles(
                        [
                            Definition,
                        ],
                    ),
                },
            ),
            occurrences: [],
        },
        Symbol {
            kind: EnumMember,
            name: "GREEN",
            definition: Some(
                Occurrence {
                    language: Python,
                    absolute_path: "tests/fixtures/python.py",
                    range: Range {
                        start_line: 91,
                        end_line: 91,
                        start_column: 5,
                        end_column: 10,
                    },
                    roles: Roles(
                        [
                            Definition,
                        ],
                    ),
                },
            ),
            occurrences: [],
        },
        Symbol {
            kind: EnumMember,
            name: "RED",
            definition: Some(
                Occurrence {
                    language: Python,
                    absolute_path: "tests/fixtures/python.py",
                    range: Range {
                        start_line: 90,
                        end_line: 90,
                        start_column: 5,
                        end_column: 8,
                    },
                    roles: Roles(
                        [
                            Definition,
                        ],
                    ),
                },
            ),
            occurrences: [],
        },
        Symbol {
            kind: Parameter,
            name: "a",
            definition: Some(
                Occurrence {
                    language: Python,
                    absolute_path: "tests/fixtures/python.py",
                    range: Range {
                        start_line: 37,
                        end_line: 37,
                        start_column: 30,
                        end_column: 31,
                    },
                    roles: Roles(
                        [
                            Definition,
                        ],
                    ),
                },
            ),
            occurrences: [],
        },
        Symbol {
            kind: Parameter,
            name: "a",
            definition: Some(
                Occurrence {
                    language: Python,
                    absolute_path: "tests/fixtures/python.py",
                    range: Range {
                        start_line: 53,
                        end_line: 53,
                        start_column: 24,
                        end_column: 25,
                    },
                    roles: Roles(
                        [
                            Definition,
                        ],
                    ),
                },
            ),
            occurrences: [],
        },
        Symbol {
            kind: Parameter,
            name: "b",
            definition: Some(
                Occurrence {
                    language: Python,
                    absolute_path: "tests/fixtures/python.py",
                    range: Range {
                        start_line: 37,
                        end_line: 37,
                        start_column: 33,
                        end_column: 34,
                    },
                    roles: Roles(
                        [
                            Definition,
                        ],
                    ),
                },
            ),
            occurrences: [],
        },
        Symbol {
            kind: Parameter,
            name: "b",
            definition: Some(
                Occurrence {
                    language: Python,
                    absolute_path: "tests/fixtures/python.py",
                    range: Range {
                        start_line: 53,
                        end_line: 53,
                        start_column: 27,
                        end_column: 28,
                    },
                    roles: Roles(
                        [
                            Definition,
                        ],
                    ),
                },
            ),
            occurrences: [],
        },
        Symbol {
            kind: Parameter,
            name: "func",
            definition: Some(
                Occurrence {
                    language: Python,
                    absolute_path: "tests/fixtures/python.py",
                    range: Range {
                        start_line: 19,
                        end_line: 19,
                        start_column: 15,
                        end_column: 19,
                    },
                    roles: Roles(
                        [
                            Definition,
                        ],
                    ),
                },
            ),
            occurrences: [],
        },
        Symbol {
            kind: Parameter,
            name: "n",
            definition: Some(
                Occurrence {
                    language: Python,
                    absolute_path: "tests/fixtures/python.py",
                    range: Range {
                        start_line: 49,
                        end_line: 49,
                        start_column: 26,
                        end_column: 27,
                    },
                    roles: Roles(
                        [
                            Definition,
                        ],
                    ),
                },
            ),
            occurrences: [],
        },
        Symbol {
            kind: Parameter,
            name: "param",
            definition: Some(
                Occurrence {
                    language: Python,
                    absolute_path: "tests/fixtures/python.py",
                    range: Range {
                        start_line: 41,
                        end_line: 41,
                        start_column: 34,
                        end_column: 39,
                    },
                    roles: Roles(
                        [
                            Definition,
                        ],
                    ),
                },
            ),
            occurrences: [],
        },
        Symbol {
            kind: Parameter,
            name: "value",
            definition: Some(
                Occurrence {
                    language: Python,
                    absolute_path: "tests/fixtures/python.py",
                    range: Range {
                        start_line: 34,
                        end_line: 34,
                        start_column: 24,
                        end_column: 29,
                    },
                    roles: Roles(
                        [
                            Definition,
                        ],
                    ),
                },
            ),
            occurrences: [],
        },
        Symbol {
            kind: Parameter,
            name: "x",
            definition: Some(
                Occurrence {
                    language: Python,
                    absolute_path: "tests/fixtures/python.py",
                    range: Range {
                        start_line: 23,
                        end_line: 23,
                        start_column: 24,
                        end_column: 25,
                    },
                    roles: Roles(
                        [
                            Definition,
                        ],
                    ),
                },
            ),
            occurrences: [],
        },
        Symbol {
            kind: Parameter,
            name: "x",
            definition: Some(
                Occurrence {
                    language: Python,
                    absolute_path: "tests/fixtures/python.py",
                    range: Range {
                        start_line: 60,
                        end_line: 60,
                        start_column: 20,
                        end_column: 21,
                    },
                    roles: Roles(
                        [
                            Definition,
                        ],
                    ),
                },
            ),
            occurrences: [],
        },
        Symbol {
            kind: Parameter,
            name: "y",
            definition: Some(
                Occurrence {
                    language: Python,
                    absolute_path: "tests/fixtures/python.py",
                    range: Range {
                        start_line: 23,
                        end_line: 23,
                        start_column: 27,
                        end_column: 28,
                    },
                    roles: Roles(
                        [
                            Definition,
                        ],
                    ),
                },
            ),
            occurrences: [],
        },
        Symbol {
            kind: Parameter,
            name: "y",
            definition: Some(
                Occurrence {
                    language: Python,
                    absolute_path: "tests/fixtures/python.py",
                    range: Range {
                        start_line: 61,
                        end_line: 61,
                        start_column: 24,
                        end_column: 25,
                    },
                    roles: Roles(
                        [
                            Definition,
                        ],
                    ),
                },
            ),
            occurrences: [],
        },
        Symbol {
            kind: SelfParameter,
            name: "self",
            definition: Some(
                Occurrence {
                    language: Python,
                    absolute_path: "tests/fixtures/python.py",
                    range: Range {
                        start_line: 34,
                        end_line: 34,
                        start_column: 18,
                        end_column: 22,
                    },
                    roles: Roles(
                        [
                            Definition,
                        ],
                    ),
                },
            ),
            occurrences: [],
        },
        Symbol {
            kind: SelfParameter,
            name: "self",
            definition: Some(
                Occurrence {
                    language: Python,
                    absolute_path: "tests/fixtures/python.py",
                    range: Range {
                        start_line: 37,
                        end_line: 37,
                        start_column: 24,
                        end_column: 28,
                    },
                    roles: Roles(
                        [
                            Definition,
                        ],
                    ),
                },
            ),
            occurrences: [],
        },
        Symbol {
            kind: SelfParameter,
            name: "self",
            definition: Some(
                Occurrence {
                    language: Python,
                    absolute_path: "tests/fixtures/python.py",
                    range: Range {
                        start_line: 41,
                        end_line: 41,
                        start_column: 28,
                        end_column: 32,
                    },
                    roles: Roles(
                        [
                            Definition,
                        ],
                    ),
                },
            ),
            occurrences: [],
        },
        Symbol {
            kind: Function,
            name: "async_function",
            definition: Some(
                Occurrence {
                    language: Python,
                    absolute_path: "tests/fixtures/python.py",
                    range: Range {
                        start_line: 49,
                        end_line: 49,
                        start_column: 11,
                        end_column: 25,
                    },
                    roles: Roles(
                        [
                            Definition,
                        ],
                    ),
                },
            ),
            occurrences: [],
        },
        Symbol {
            kind: Function,
            name: "decorated_function",
            definition: Some(
                Occurrence {
                    language: Python,
                    absolute_path: "tests/fixtures/python.py",
                    range: Range {
                        start_line: 23,
                        end_line: 23,
                        start_column: 5,
                        end_column: 23,
                    },
                    roles: Roles(
                        [
                            Definition,
                        ],
                    ),
                },
            ),
            occurrences: [],
        },
        Symbol {
            kind: Function,
            name: "decorator",
            definition: Some(
                Occurrence {
                    language: Python,
                    absolute_path: "tests/fixtures/python.py",
                    range: Range {
                        start_line: 19,
                        end_line: 19,
                        start_column: 5,
                        end_column: 14,
                    },
                    roles: Roles(
                        [
                            Definition,
                        ],
                    ),
                },
            ),
            occurrences: [],
        },
        Symbol {
            kind: Function,
            name: "inner_function",
            definition: Some(
                Occurrence {
                    language: Python,
                    absolute_path: "tests/fixtures/python.py",
                    range: Range {
                        start_line: 61,
                        end_line: 61,
                        start_column: 9,
                        end_column: 23,
                    },
                    roles: Roles(
                        [
                            Definition,
                        ],
                    ),
                },
            ),
            occurrences: [],
        },
        Symbol {
            kind: Function,
            name: "outer_function",
            definition: Some(
                Occurrence {
                    language: Python,
                    absolute_path: "tests/fixtures/python.py",
                    range: Range {
                        start_line: 60,
                        end_line: 60,
                        start_column: 5,
                        end_column: 19,
                    },
                    roles: Roles(
                        [
                            Definition,
                        ],
                    ),
                },
            ),
            occurrences: [],
        },
        Symbol {
            kind: Function,
            name: "top_level_function",
            definition: Some(
                Occurrence {
                    language: Python,
                    absolute_path: "tests/fixtures/python.py",
                    range: Range {
                        start_line: 53,
                        end_line: 53,
                        start_column: 5,
                        end_column: 23,
                    },
                    roles: Roles(
                        [
                            Definition,
                        ],
                    ),
                },
            ),
            occurrences: [],
        },
        Symbol {
            kind: Method,
            name: "async_method",
            definition: Some(
                Occurrence {
                    language: Python,
                    absolute_path: "tests/fixtures/python.py",
                    range: Range {
                        start_line: 41,
                        end_line: 41,
                        start_column: 15,
                        end_column: 27,
                    },
                    roles: Roles(
                        [
                            Definition,
                        ],
                    ),
                },
            ),
            occurrences: [],
        },
        Symbol {
            kind: Method,
            name: "regular_method",
            definition: Some(
                Occurrence {
                    language: Python,
                    absolute_path: "tests/fixtures/python.py",
                    range: Range {
                        start_line: 37,
                        end_line: 37,
                        start_column: 9,
                        end_column: 23,
                    },
                    roles: Roles(
                        [
                            Definition,
                        ],
                    ),
                },
            ),
            occurrences: [],
        },
        Symbol {
            kind: Constructor,
            name: "__init__",
            definition: Some(
                Occurrence {
                    language: Python,
                    absolute_path: "tests/fixtures/python.py",
                    range: Range {
                        start_line: 34,
                        end_line: 34,
                        start_column: 9,
                        end_column: 17,
                    },
                    roles: Roles(
                        [
                            Definition,
                        ],
                    ),
                },
            ),
            occurrences: [],
        },
    ],
)
