---
source: src/indexer/database_backed_indexer.rs
expression: resolved_symbols
---
[
  {
    "id": 0,
    "name": "#(* % 2)",
    "kind": "Function",
    "path": "tests/fixtures/clojure.clj",
    "score": 1030,
    "start_line": 44,
    "end_line": 44,
    "start_column": 2,
    "end_column": 10
  },
  {
    "id": 0,
    "name": "#(+ % 1)",
    "kind": "Function",
    "path": "tests/fixtures/clojure.clj",
    "score": 1030,
    "start_line": 43,
    "end_line": 43,
    "start_column": 2,
    "end_column": 10
  },
  {
    "id": 0,
    "name": "[p 1 q 2]",
    "kind": "Variable",
    "path": "tests/fixtures/clojure.clj",
    "score": 1000,
    "start_line": 36,
    "end_line": 36,
    "start_column": 6,
    "end_column": 15
  },
  {
    "id": 0,
    "name": "add",
    "kind": "Function",
    "path": "tests/fixtures/clojure.clj",
    "score": 1030,
    "start_line": 19,
    "end_line": 19,
    "start_column": 7,
    "end_column": 10
  },
  {
    "id": 0,
    "name": "greet",
    "kind": "Function",
    "path": "tests/fixtures/clojure.clj",
    "score": 1030,
    "start_line": 22,
    "end_line": 22,
    "start_column": 7,
    "end_column": 12
  },
  {
    "id": 0,
    "name": "x",
    "kind": "Variable",
    "path": "tests/fixtures/clojure.clj",
    "score": 1000,
    "start_line": 11,
    "end_line": 11,
    "start_column": 6,
    "end_column": 7
  },
  {
    "id": 0,
    "name": "y",
    "kind": "Variable",
    "path": "tests/fixtures/clojure.clj",
    "score": 1000,
    "start_line": 12,
    "end_line": 12,
    "start_column": 6,
    "end_column": 7
  },
  {
    "id": 0,
    "name": "z",
    "kind": "Variable",
    "path": "tests/fixtures/clojure.clj",
    "score": 1000,
    "start_line": 13,
    "end_line": 13,
    "start_column": 6,
    "end_column": 7
  },
  {
    "id": 0,
    "name": "Add",
    "kind": "Function",
    "path": "tests/fixtures/go.go",
    "score": 1030,
    "start_line": 24,
    "end_line": 24,
    "start_column": 6,
    "end_column": 9
  },
  {
    "id": 0,
    "name": "Move",
    "kind": "Method",
    "path": "tests/fixtures/go.go",
    "score": 1030,
    "start_line": 29,
    "end_line": 29,
    "start_column": 16,
    "end_column": 20
  },
  {
    "id": 0,
    "name": "Multiply",
    "kind": "Function",
    "path": "tests/fixtures/go.go",
    "score": 1030,
    "start_line": 35,
    "end_line": 35,
    "start_column": 6,
    "end_column": 14
  },
  {
    "id": 0,
    "name": "MyType",
    "kind": "Type",
    "path": "tests/fixtures/go.go",
    "score": 1030,
    "start_line": 7,
    "end_line": 7,
    "start_column": 6,
    "end_column": 12
  },
  {
    "id": 0,
    "name": "Pi",
    "kind": "Constant",
    "path": "tests/fixtures/go.go",
    "score": 1030,
    "start_line": 17,
    "end_line": 17,
    "start_column": 7,
    "end_column": 9
  },
  {
    "id": 0,
    "name": "Point",
    "kind": "Type",
    "path": "tests/fixtures/go.go",
    "score": 1030,
    "start_line": 8,
    "end_line": 8,
    "start_column": 6,
    "end_column": 11
  },
  {
    "id": 0,
    "name": "Reader",
    "kind": "Type",
    "path": "tests/fixtures/go.go",
    "score": 1030,
    "start_line": 12,
    "end_line": 12,
    "start_column": 6,
    "end_column": 12
  },
  {
    "id": 0,
    "name": "globalVar",
    "kind": "Variable",
    "path": "tests/fixtures/go.go",
    "score": 1000,
    "start_line": 20,
    "end_line": 20,
    "start_column": 5,
    "end_column": 14
  },
  {
    "id": 0,
    "name": "int",
    "kind": "Type",
    "path": "tests/fixtures/go.go",
    "score": 1030,
    "start_line": 7,
    "end_line": 7,
    "start_column": 13,
    "end_column": 16
  },
  {
    "id": 0,
    "name": "localVar",
    "kind": "Variable",
    "path": "tests/fixtures/go.go",
    "score": 1000,
    "start_line": 21,
    "end_line": 21,
    "start_column": 1,
    "end_column": 9
  },
  {
    "id": 0,
    "name": "(x, y)",
    "kind": "Function",
    "path": "tests/fixtures/javascript.js",
    "score": 1030,
    "start_line": 32,
    "end_line": 32,
    "start_column": 18,
    "end_column": 24
  },
  {
    "id": 0,
    "name": "Blue",
    "kind": "EnumMember",
    "path": "tests/fixtures/javascript.js",
    "score": 1030,
    "start_line": 22,
    "end_line": 22,
    "start_column": 5,
    "end_column": 9
  },
  {
    "id": 0,
    "name": "Color",
    "kind": "TypeAlias",
    "path": "tests/fixtures/javascript.js",
    "score": 1030,
    "start_line": 20,
    "end_line": 20,
    "start_column": 7,
    "end_column": 12
  },
  {
    "id": 0,
    "name": "MAX_RETRIES",
    "kind": "TypeAlias",
    "path": "tests/fixtures/javascript.js",
    "score": 1030,
    "start_line": 35,
    "end_line": 35,
    "start_column": 7,
    "end_column": 18
  },
  {
    "id": 0,
    "name": "MODULE_NAME",
    "kind": "TypeAlias",
    "path": "tests/fixtures/javascript.js",
    "score": 1030,
    "start_line": 2,
    "end_line": 2,
    "start_column": 14,
    "end_column": 25
  },
  {
    "id": 0,
    "name": "MyClass",
    "kind": "Class",
    "path": "tests/fixtures/javascript.js",
    "score": 1030,
    "start_line": 5,
    "end_line": 5,
    "start_column": 7,
    "end_column": 14
  },
  {
    "id": 0,
    "name": "PointType",
    "kind": "TypeAlias",
    "path": "tests/fixtures/javascript.js",
    "score": 1030,
    "start_line": 17,
    "end_line": 17,
    "start_column": 7,
    "end_column": 16
  },
  {
    "id": 0,
    "name": "Red",
    "kind": "EnumMember",
    "path": "tests/fixtures/javascript.js",
    "score": 1030,
    "start_line": 21,
    "end_line": 21,
    "start_column": 5,
    "end_column": 8
  },
  {
    "id": 0,
    "name": "active",
    "kind": "EnumMember",
    "path": "tests/fixtures/javascript.js",
    "score": 1030,
    "start_line": 47,
    "end_line": 47,
    "start_column": 5,
    "end_column": 11
  },
  {
    "id": 0,
    "name": "add",
    "kind": "Function",
    "path": "tests/fixtures/javascript.js",
    "score": 1030,
    "start_line": 26,
    "end_line": 26,
    "start_column": 10,
    "end_column": 13
  },
  {
    "id": 0,
    "name": "age",
    "kind": "EnumMember",
    "path": "tests/fixtures/javascript.js",
    "score": 1030,
    "start_line": 46,
    "end_line": 46,
    "start_column": 5,
    "end_column": 8
  },
  {
    "id": 0,
    "name": "constructor",
    "kind": "Method",
    "path": "tests/fixtures/javascript.js",
    "score": 1030,
    "start_line": 6,
    "end_line": 6,
    "start_column": 5,
    "end_column": 16
  },
  {
    "id": 0,
    "name": "count",
    "kind": "Variable",
    "path": "tests/fixtures/javascript.js",
    "score": 1000,
    "start_line": 38,
    "end_line": 38,
    "start_column": 5,
    "end_column": 10
  },
  {
    "id": 0,
    "name": "done",
    "kind": "Variable",
    "path": "tests/fixtures/javascript.js",
    "score": 1000,
    "start_line": 39,
    "end_line": 39,
    "start_column": 5,
    "end_column": 9
  },
  {
    "id": 0,
    "name": "greet",
    "kind": "Function",
    "path": "tests/fixtures/javascript.js",
    "score": 1030,
    "start_line": 51,
    "end_line": 51,
    "start_column": 10,
    "end_column": 15
  },
  {
    "id": 0,
    "name": "greeting",
    "kind": "Variable",
    "path": "tests/fixtures/javascript.js",
    "score": 1000,
    "start_line": 41,
    "end_line": 41,
    "start_column": 5,
    "end_column": 13
  },
  {
    "id": 0,
    "name": "multiply",
    "kind": "Variable",
    "path": "tests/fixtures/javascript.js",
    "score": 1000,
    "start_line": 32,
    "end_line": 32,
    "start_column": 7,
    "end_column": 15
  },
  {
    "id": 0,
    "name": "name",
    "kind": "Variable",
    "path": "tests/fixtures/javascript.js",
    "score": 1000,
    "start_line": 40,
    "end_line": 40,
    "start_column": 5,
    "end_column": 9
  },
  {
    "id": 0,
    "name": "obj",
    "kind": "Variable",
    "path": "tests/fixtures/javascript.js",
    "score": 1000,
    "start_line": 45,
    "end_line": 45,
    "start_column": 7,
    "end_column": 10
  },
  {
    "id": 0,
    "name": "result",
    "kind": "Variable",
    "path": "tests/fixtures/javascript.js",
    "score": 1000,
    "start_line": 27,
    "end_line": 27,
    "start_column": 11,
    "end_column": 17
  },
  {
    "id": 0,
    "name": "score",
    "kind": "Variable",
    "path": "tests/fixtures/javascript.js",
    "score": 1000,
    "start_line": 42,
    "end_line": 42,
    "start_column": 5,
    "end_column": 10
  },
  {
    "id": 0,
    "name": "sum",
    "kind": "Method",
    "path": "tests/fixtures/javascript.js",
    "score": 1030,
    "start_line": 11,
    "end_line": 11,
    "start_column": 5,
    "end_column": 8
  },
  {
    "id": 0,
    "name": "x",
    "kind": "EnumMember",
    "path": "tests/fixtures/javascript.js",
    "score": 1030,
    "start_line": 17,
    "end_line": 17,
    "start_column": 21,
    "end_column": 22
  },
  {
    "id": 0,
    "name": "x * y",
    "kind": "Function",
    "path": "tests/fixtures/javascript.js",
    "score": 1030,
    "start_line": 32,
    "end_line": 32,
    "start_column": 28,
    "end_column": 33
  },
  {
    "id": 0,
    "name": "y",
    "kind": "EnumMember",
    "path": "tests/fixtures/javascript.js",
    "score": 1030,
    "start_line": 17,
    "end_line": 17,
    "start_column": 27,
    "end_column": 28
  },
  {
    "id": 0,
    "name": "(\n    <section>\n        <p>Hello {name}</p>\n    </section>\n)",
    "kind": "Function",
    "path": "tests/fixtures/javascript.jsx",
    "score": 1030,
    "start_line": 39,
    "end_line": 43,
    "start_column": 39,
    "end_column": 2
  },
  {
    "id": 0,
    "name": "(y)",
    "kind": "Function",
    "path": "tests/fixtures/javascript.jsx",
    "score": 1030,
    "start_line": 25,
    "end_line": 25,
    "start_column": 19,
    "end_column": 22
  },
  {
    "id": 0,
    "name": "({ name })",
    "kind": "Function",
    "path": "tests/fixtures/javascript.jsx",
    "score": 1030,
    "start_line": 39,
    "end_line": 39,
    "start_column": 25,
    "end_column": 35
  },
  {
    "id": 0,
    "name": "ArrowFunctional",
    "kind": "TypeAlias",
    "path": "tests/fixtures/javascript.jsx",
    "score": 1030,
    "start_line": 39,
    "end_line": 39,
    "start_column": 7,
    "end_column": 22
  },
  {
    "id": 0,
    "name": "FunctionalComponent",
    "kind": "Function",
    "path": "tests/fixtures/javascript.jsx",
    "score": 1030,
    "start_line": 30,
    "end_line": 30,
    "start_column": 10,
    "end_column": 29
  },
  {
    "id": 0,
    "name": "MAX_VALUE",
    "kind": "TypeAlias",
    "path": "tests/fixtures/javascript.jsx",
    "score": 1030,
    "start_line": 48,
    "end_line": 48,
    "start_column": 7,
    "end_column": 16
  },
  {
    "id": 0,
    "name": "ModuleExample",
    "kind": "TypeAlias",
    "path": "tests/fixtures/javascript.jsx",
    "score": 1030,
    "start_line": 2,
    "end_line": 2,
    "start_column": 14,
    "end_column": 27
  },
  {
    "id": 0,
    "name": "MyComponent",
    "kind": "Class",
    "path": "tests/fixtures/javascript.jsx",
    "score": 1030,
    "start_line": 7,
    "end_line": 7,
    "start_column": 7,
    "end_column": 18
  },
  {
    "id": 0,
    "name": "MyTypeAlias",
    "kind": "TypeAlias",
    "path": "tests/fixtures/javascript.jsx",
    "score": 1030,
    "start_line": 49,
    "end_line": 49,
    "start_column": 7,
    "end_column": 18
  },
  {
    "id": 0,
    "name": "Number",
    "kind": "TypeAlias",
    "path": "tests/fixtures/javascript.jsx",
    "score": 1030,
    "start_line": 49,
    "end_line": 49,
    "start_column": 21,
    "end_column": 27
  },
  {
    "id": 0,
    "name": "arrowFunc",
    "kind": "Variable",
    "path": "tests/fixtures/javascript.jsx",
    "score": 1000,
    "start_line": 25,
    "end_line": 25,
    "start_column": 7,
    "end_column": 16
  },
  {
    "id": 0,
    "name": "boolFalse",
    "kind": "Variable",
    "path": "tests/fixtures/javascript.jsx",
    "score": 1000,
    "start_line": 64,
    "end_line": 64,
    "start_column": 7,
    "end_column": 16
  },
  {
    "id": 0,
    "name": "boolTrue",
    "kind": "Variable",
    "path": "tests/fixtures/javascript.jsx",
    "score": 1000,
    "start_line": 63,
    "end_line": 63,
    "start_column": 7,
    "end_column": 15
  },
  {
    "id": 0,
    "name": "constructor",
    "kind": "Method",
    "path": "tests/fixtures/javascript.jsx",
    "score": 1030,
    "start_line": 8,
    "end_line": 8,
    "start_column": 5,
    "end_column": 16
  },
  {
    "id": 0,
    "name": "jsxVar",
    "kind": "Variable",
    "path": "tests/fixtures/javascript.jsx",
    "score": 1000,
    "start_line": 70,
    "end_line": 70,
    "start_column": 7,
    "end_column": 13
  },
  {
    "id": 0,
    "name": "localVar",
    "kind": "Variable",
    "path": "tests/fixtures/javascript.jsx",
    "score": 1000,
    "start_line": 13,
    "end_line": 13,
    "start_column": 15,
    "end_column": 23
  },
  {
    "id": 0,
    "name": "methodExample",
    "kind": "Method",
    "path": "tests/fixtures/javascript.jsx",
    "score": 1030,
    "start_line": 12,
    "end_line": 12,
    "start_column": 5,
    "end_column": 18
  },
  {
    "id": 0,
    "name": "nul",
    "kind": "Variable",
    "path": "tests/fixtures/javascript.jsx",
    "score": 1000,
    "start_line": 65,
    "end_line": 65,
    "start_column": 7,
    "end_column": 10
  },
  {
    "id": 0,
    "name": "num",
    "kind": "Variable",
    "path": "tests/fixtures/javascript.jsx",
    "score": 1000,
    "start_line": 62,
    "end_line": 62,
    "start_column": 7,
    "end_column": 10
  },
  {
    "id": 0,
    "name": "obj",
    "kind": "Variable",
    "path": "tests/fixtures/javascript.jsx",
    "score": 1000,
    "start_line": 55,
    "end_line": 55,
    "start_column": 7,
    "end_column": 10
  },
  {
    "id": 0,
    "name": "regularFunction",
    "kind": "Function",
    "path": "tests/fixtures/javascript.jsx",
    "score": 1030,
    "start_line": 21,
    "end_line": 21,
    "start_column": 10,
    "end_column": 25
  },
  {
    "id": 0,
    "name": "selfClosing",
    "kind": "Variable",
    "path": "tests/fixtures/javascript.jsx",
    "score": 1000,
    "start_line": 83,
    "end_line": 83,
    "start_column": 7,
    "end_column": 18
  },
  {
    "id": 0,
    "name": "str",
    "kind": "Variable",
    "path": "tests/fixtures/javascript.jsx",
    "score": 1000,
    "start_line": 61,
    "end_line": 61,
    "start_column": 7,
    "end_column": 10
  },
  {
    "id": 0,
    "name": "valueFromMember",
    "kind": "Variable",
    "path": "tests/fixtures/javascript.jsx",
    "score": 1000,
    "start_line": 56,
    "end_line": 56,
    "start_column": 7,
    "end_column": 22
  },
  {
    "id": 0,
    "name": "variableExample",
    "kind": "Variable",
    "path": "tests/fixtures/javascript.jsx",
    "score": 1000,
    "start_line": 50,
    "end_line": 50,
    "start_column": 5,
    "end_column": 20
  },
  {
    "id": 0,
    "name": "y + 3",
    "kind": "Function",
    "path": "tests/fixtures/javascript.jsx",
    "score": 1030,
    "start_line": 25,
    "end_line": 25,
    "start_column": 26,
    "end_column": 31
  },
  {
    "id": 0,
    "name": "Blue = 3",
    "kind": "EnumMember",
    "path": "tests/fixtures/lua.lua",
    "score": 1030,
    "start_line": 2,
    "end_line": 2,
    "start_column": 32,
    "end_column": 40
  },
  {
    "id": 0,
    "name": "Colors",
    "kind": "Variable",
    "path": "tests/fixtures/lua.lua",
    "score": 1000,
    "start_line": 2,
    "end_line": 2,
    "start_column": 1,
    "end_column": 7
  },
  {
    "id": 0,
    "name": "Green = 2",
    "kind": "EnumMember",
    "path": "tests/fixtures/lua.lua",
    "score": 1030,
    "start_line": 2,
    "end_line": 2,
    "start_column": 21,
    "end_column": 30
  },
  {
    "id": 0,
    "name": "GreenValue",
    "kind": "Variable",
    "path": "tests/fixtures/lua.lua",
    "score": 1000,
    "start_line": 5,
    "end_line": 5,
    "start_column": 1,
    "end_column": 11
  },
  {
    "id": 0,
    "name": "MAX_COUNT",
    "kind": "Variable",
    "path": "tests/fixtures/lua.lua",
    "score": 1000,
    "start_line": 35,
    "end_line": 35,
    "start_column": 1,
    "end_column": 10
  },
  {
    "id": 0,
    "name": "Red = 1",
    "kind": "EnumMember",
    "path": "tests/fixtures/lua.lua",
    "score": 1030,
    "start_line": 2,
    "end_line": 2,
    "start_column": 12,
    "end_column": 19
  },
  {
    "id": 0,
    "name": "RedValue",
    "kind": "Variable",
    "path": "tests/fixtures/lua.lua",
    "score": 1000,
    "start_line": 4,
    "end_line": 4,
    "start_column": 1,
    "end_column": 9
  },
  {
    "id": 0,
    "name": "add",
    "kind": "Function",
    "path": "tests/fixtures/lua.lua",
    "score": 1030,
    "start_line": 8,
    "end_line": 8,
    "start_column": 10,
    "end_column": 13
  },
  {
    "id": 0,
    "name": "age = 25",
    "kind": "EnumMember",
    "path": "tests/fixtures/lua.lua",
    "score": 1030,
    "start_line": 29,
    "end_line": 29,
    "start_column": 26,
    "end_column": 34
  },
  {
    "id": 0,
    "name": "empty",
    "kind": "Variable",
    "path": "tests/fixtures/lua.lua",
    "score": 1000,
    "start_line": 45,
    "end_line": 45,
    "start_column": 1,
    "end_column": 6
  },
  {
    "id": 0,
    "name": "flag",
    "kind": "Variable",
    "path": "tests/fixtures/lua.lua",
    "score": 1000,
    "start_line": 44,
    "end_line": 44,
    "start_column": 1,
    "end_column": 5
  },
  {
    "id": 0,
    "name": "level",
    "kind": "Variable",
    "path": "tests/fixtures/lua.lua",
    "score": 1000,
    "start_line": 39,
    "end_line": 39,
    "start_column": 1,
    "end_column": 6
  },
  {
    "id": 0,
    "name": "myTable",
    "kind": "Variable",
    "path": "tests/fixtures/lua.lua",
    "score": 1000,
    "start_line": 12,
    "end_line": 12,
    "start_column": 1,
    "end_column": 8
  },
  {
    "id": 0,
    "name": "name = \"Bob\"",
    "kind": "EnumMember",
    "path": "tests/fixtures/lua.lua",
    "score": 1030,
    "start_line": 29,
    "end_line": 29,
    "start_column": 12,
    "end_column": 24
  },
  {
    "id": 0,
    "name": "num",
    "kind": "Variable",
    "path": "tests/fixtures/lua.lua",
    "score": 1000,
    "start_line": 43,
    "end_line": 43,
    "start_column": 1,
    "end_column": 4
  },
  {
    "id": 0,
    "name": "person",
    "kind": "Variable",
    "path": "tests/fixtures/lua.lua",
    "score": 1000,
    "start_line": 29,
    "end_line": 29,
    "start_column": 1,
    "end_column": 7
  },
  {
    "id": 0,
    "name": "printName",
    "kind": "Method",
    "path": "tests/fixtures/lua.lua",
    "score": 1030,
    "start_line": 15,
    "end_line": 15,
    "start_column": 18,
    "end_column": 27
  },
  {
    "id": 0,
    "name": "score",
    "kind": "Variable",
    "path": "tests/fixtures/lua.lua",
    "score": 1000,
    "start_line": 38,
    "end_line": 38,
    "start_column": 7,
    "end_column": 12
  },
  {
    "id": 0,
    "name": "str",
    "kind": "Variable",
    "path": "tests/fixtures/lua.lua",
    "score": 1000,
    "start_line": 42,
    "end_line": 42,
    "start_column": 1,
    "end_column": 4
  },
  {
    "id": 0,
    "name": "subtract",
    "kind": "Variable",
    "path": "tests/fixtures/lua.lua",
    "score": 1000,
    "start_line": 20,
    "end_line": 20,
    "start_column": 1,
    "end_column": 9
  },
  {
    "id": 0,
    "name": "Blue",
    "kind": "EnumMember",
    "path": "tests/fixtures/rust.rs",
    "score": 1030,
    "start_line": 17,
    "end_line": 17,
    "start_column": 9,
    "end_column": 13
  },
  {
    "id": 0,
    "name": "Color",
    "kind": "Enum",
    "path": "tests/fixtures/rust.rs",
    "score": 1030,
    "start_line": 13,
    "end_line": 13,
    "start_column": 14,
    "end_column": 19
  },
  {
    "id": 0,
    "name": "Green",
    "kind": "EnumMember",
    "path": "tests/fixtures/rust.rs",
    "score": 1030,
    "start_line": 16,
    "end_line": 16,
    "start_column": 9,
    "end_column": 14
  },
  {
    "id": 0,
    "name": "MAX",
    "kind": "Constant",
    "path": "tests/fixtures/rust.rs",
    "score": 1030,
    "start_line": 37,
    "end_line": 37,
    "start_column": 11,
    "end_column": 14
  },
  {
    "id": 0,
    "name": "MyInt",
    "kind": "TypeAlias",
    "path": "tests/fixtures/rust.rs",
    "score": 1030,
    "start_line": 34,
    "end_line": 34,
    "start_column": 10,
    "end_column": 15
  },
  {
    "id": 0,
    "name": "Point",
    "kind": "Struct",
    "path": "tests/fixtures/rust.rs",
    "score": 1030,
    "start_line": 6,
    "end_line": 6,
    "start_column": 16,
    "end_column": 21
  },
  {
    "id": 0,
    "name": "Red",
    "kind": "EnumMember",
    "path": "tests/fixtures/rust.rs",
    "score": 1030,
    "start_line": 15,
    "end_line": 15,
    "start_column": 9,
    "end_column": 12
  },
  {
    "id": 0,
    "name": "move_by",
    "kind": "Method",
    "path": "tests/fixtures/rust.rs",
    "score": 1030,
    "start_line": 50,
    "end_line": 50,
    "start_column": 12,
    "end_column": 19
  },
  {
    "id": 0,
    "name": "vars_example",
    "kind": "Function",
    "path": "tests/fixtures/rust.rs",
    "score": 1030,
    "start_line": 41,
    "end_line": 41,
    "start_column": 8,
    "end_column": 20
  },
  {
    "id": 0,
    "name": "x",
    "kind": "Variable",
    "path": "tests/fixtures/rust.rs",
    "score": 1000,
    "start_line": 43,
    "end_line": 43,
    "start_column": 13,
    "end_column": 14
  },
  {
    "id": 0,
    "name": "y",
    "kind": "Variable",
    "path": "tests/fixtures/rust.rs",
    "score": 1000,
    "start_line": 44,
    "end_line": 44,
    "start_column": 13,
    "end_column": 14
  },
  {
    "id": 0,
    "name": "MyAlias",
    "kind": "TypeAlias",
    "path": "tests/fixtures/typescript.ts",
    "score": 1030,
    "start_line": 34,
    "end_line": 34,
    "start_column": 6,
    "end_column": 13
  },
  {
    "id": 0,
    "name": "MyClass",
    "kind": "Class",
    "path": "tests/fixtures/typescript.ts",
    "score": 1030,
    "start_line": 9,
    "end_line": 9,
    "start_column": 7,
    "end_column": 14
  },
  {
    "id": 0,
    "name": "MyEnum",
    "kind": "Enum",
    "path": "tests/fixtures/typescript.ts",
    "score": 1030,
    "start_line": 25,
    "end_line": 25,
    "start_column": 6,
    "end_column": 12
  },
  {
    "id": 0,
    "name": "MyInterface",
    "kind": "Interface",
    "path": "tests/fixtures/typescript.ts",
    "score": 1030,
    "start_line": 18,
    "end_line": 18,
    "start_column": 11,
    "end_column": 22
  },
  {
    "id": 0,
    "name": "T",
    "kind": "Type",
    "path": "tests/fixtures/typescript.ts",
    "score": 1030,
    "start_line": 44,
    "end_line": 44,
    "start_column": 32,
    "end_column": 33
  },
  {
    "id": 0,
    "name": "bFalse",
    "kind": "Variable",
    "path": "tests/fixtures/typescript.ts",
    "score": 1000,
    "start_line": 71,
    "end_line": 71,
    "start_column": 7,
    "end_column": 13
  },
  {
    "id": 0,
    "name": "bTrue",
    "kind": "Variable",
    "path": "tests/fixtures/typescript.ts",
    "score": 1000,
    "start_line": 70,
    "end_line": 70,
    "start_column": 7,
    "end_column": 12
  },
  {
    "id": 0,
    "name": "boolean",
    "kind": "Type",
    "path": "tests/fixtures/typescript.ts",
    "score": 1030,
    "start_line": 70,
    "end_line": 70,
    "start_column": 14,
    "end_column": 21
  },
  {
    "id": 0,
    "name": "boolean",
    "kind": "Type",
    "path": "tests/fixtures/typescript.ts",
    "score": 1030,
    "start_line": 71,
    "end_line": 71,
    "start_column": 15,
    "end_column": 22
  },
  {
    "id": 0,
    "name": "constructor",
    "kind": "Method",
    "path": "tests/fixtures/typescript.ts",
    "score": 1030,
    "start_line": 10,
    "end_line": 10,
    "start_column": 5,
    "end_column": 16
  },
  {
    "id": 0,
    "name": "genericFunction",
    "kind": "Function",
    "path": "tests/fixtures/typescript.ts",
    "score": 1030,
    "start_line": 44,
    "end_line": 44,
    "start_column": 10,
    "end_column": 25
  },
  {
    "id": 0,
    "name": "myConst",
    "kind": "Variable",
    "path": "tests/fixtures/typescript.ts",
    "score": 1000,
    "start_line": 50,
    "end_line": 50,
    "start_column": 7,
    "end_column": 14
  },
  {
    "id": 0,
    "name": "myFunction",
    "kind": "Function",
    "path": "tests/fixtures/typescript.ts",
    "score": 1030,
    "start_line": 39,
    "end_line": 39,
    "start_column": 10,
    "end_column": 20
  },
  {
    "id": 0,
    "name": "myGetter",
    "kind": "Method",
    "path": "tests/fixtures/typescript.ts",
    "score": 1030,
    "start_line": 12,
    "end_line": 12,
    "start_column": 9,
    "end_column": 17
  },
  {
    "id": 0,
    "name": "myMethod",
    "kind": "Method",
    "path": "tests/fixtures/typescript.ts",
    "score": 1030,
    "start_line": 11,
    "end_line": 11,
    "start_column": 5,
    "end_column": 13
  },
  {
    "id": 0,
    "name": "mySetter",
    "kind": "Method",
    "path": "tests/fixtures/typescript.ts",
    "score": 1030,
    "start_line": 13,
    "end_line": 13,
    "start_column": 9,
    "end_column": 17
  },
  {
    "id": 0,
    "name": "myVar",
    "kind": "Variable",
    "path": "tests/fixtures/typescript.ts",
    "score": 1000,
    "start_line": 49,
    "end_line": 49,
    "start_column": 5,
    "end_column": 10
  },
  {
    "id": 0,
    "name": "n",
    "kind": "Variable",
    "path": "tests/fixtures/typescript.ts",
    "score": 1000,
    "start_line": 68,
    "end_line": 68,
    "start_column": 7,
    "end_column": 8
  },
  {
    "id": 0,
    "name": "nullValue",
    "kind": "Variable",
    "path": "tests/fixtures/typescript.ts",
    "score": 1000,
    "start_line": 72,
    "end_line": 72,
    "start_column": 7,
    "end_column": 16
  },
  {
    "id": 0,
    "name": "number",
    "kind": "Type",
    "path": "tests/fixtures/typescript.ts",
    "score": 1030,
    "start_line": 13,
    "end_line": 13,
    "start_column": 21,
    "end_column": 27
  },
  {
    "id": 0,
    "name": "number",
    "kind": "Type",
    "path": "tests/fixtures/typescript.ts",
    "score": 1030,
    "start_line": 39,
    "end_line": 39,
    "start_column": 24,
    "end_column": 30
  },
  {
    "id": 0,
    "name": "number",
    "kind": "Type",
    "path": "tests/fixtures/typescript.ts",
    "score": 1030,
    "start_line": 44,
    "end_line": 44,
    "start_column": 39,
    "end_column": 45
  },
  {
    "id": 0,
    "name": "number",
    "kind": "Type",
    "path": "tests/fixtures/typescript.ts",
    "score": 1030,
    "start_line": 68,
    "end_line": 68,
    "start_column": 10,
    "end_column": 16
  },
  {
    "id": 0,
    "name": "obj",
    "kind": "Variable",
    "path": "tests/fixtures/typescript.ts",
    "score": 1000,
    "start_line": 60,
    "end_line": 60,
    "start_column": 7,
    "end_column": 10
  },
  {
    "id": 0,
    "name": "s",
    "kind": "Variable",
    "path": "tests/fixtures/typescript.ts",
    "score": 1000,
    "start_line": 69,
    "end_line": 69,
    "start_column": 7,
    "end_column": 8
  },
  {
    "id": 0,
    "name": "string",
    "kind": "Type",
    "path": "tests/fixtures/typescript.ts",
    "score": 1030,
    "start_line": 14,
    "end_line": 14,
    "start_column": 13,
    "end_column": 19
  },
  {
    "id": 0,
    "name": "string",
    "kind": "Type",
    "path": "tests/fixtures/typescript.ts",
    "score": 1030,
    "start_line": 15,
    "end_line": 15,
    "start_column": 16,
    "end_column": 22
  },
  {
    "id": 0,
    "name": "string",
    "kind": "Type",
    "path": "tests/fixtures/typescript.ts",
    "score": 1030,
    "start_line": 34,
    "end_line": 34,
    "start_column": 16,
    "end_column": 22
  },
  {
    "id": 0,
    "name": "string",
    "kind": "Type",
    "path": "tests/fixtures/typescript.ts",
    "score": 1030,
    "start_line": 39,
    "end_line": 39,
    "start_column": 36,
    "end_column": 42
  },
  {
    "id": 0,
    "name": "string",
    "kind": "Type",
    "path": "tests/fixtures/typescript.ts",
    "score": 1030,
    "start_line": 69,
    "end_line": 69,
    "start_column": 10,
    "end_column": 16
  },
  {
    "id": 0,
    "name": "void",
    "kind": "Type",
    "path": "tests/fixtures/typescript.ts",
    "score": 1030,
    "start_line": 19,
    "end_line": 19,
    "start_column": 26,
    "end_column": 30
  },
  {
    "id": 0,
    "name": "App",
    "kind": "Function",
    "path": "tests/fixtures/typescript.tsx",
    "score": 1030,
    "start_line": 41,
    "end_line": 41,
    "start_column": 10,
    "end_column": 13
  },
  {
    "id": 0,
    "name": "Blue",
    "kind": "EnumMember",
    "path": "tests/fixtures/typescript.tsx",
    "score": 1030,
    "start_line": 16,
    "end_line": 16,
    "start_column": 5,
    "end_column": 9
  },
  {
    "id": 0,
    "name": "Color",
    "kind": "Enum",
    "path": "tests/fixtures/typescript.tsx",
    "score": 1030,
    "start_line": 13,
    "end_line": 13,
    "start_column": 6,
    "end_column": 11
  },
  {
    "id": 0,
    "name": "Counter",
    "kind": "Class",
    "path": "tests/fixtures/typescript.tsx",
    "score": 1030,
    "start_line": 20,
    "end_line": 20,
    "start_column": 7,
    "end_column": 14
  },
  {
    "id": 0,
    "name": "Green",
    "kind": "EnumMember",
    "path": "tests/fixtures/typescript.tsx",
    "score": 1030,
    "start_line": 15,
    "end_line": 15,
    "start_column": 5,
    "end_column": 10
  },
  {
    "id": 0,
    "name": "Header",
    "kind": "Function",
    "path": "tests/fixtures/typescript.tsx",
    "score": 1030,
    "start_line": 51,
    "end_line": 51,
    "start_column": 10,
    "end_column": 16
  },
  {
    "id": 0,
    "name": "ID",
    "kind": "TypeAlias",
    "path": "tests/fixtures/typescript.tsx",
    "score": 1030,
    "start_line": 5,
    "end_line": 5,
    "start_column": 6,
    "end_column": 8
  },
  {
    "id": 0,
    "name": "MAX_COUNT",
    "kind": "Variable",
    "path": "tests/fixtures/typescript.tsx",
    "score": 1000,
    "start_line": 38,
    "end_line": 38,
    "start_column": 7,
    "end_column": 16
  },
  {
    "id": 0,
    "name": "Props",
    "kind": "Interface",
    "path": "tests/fixtures/typescript.tsx",
    "score": 1030,
    "start_line": 8,
    "end_line": 8,
    "start_column": 11,
    "end_column": 16
  },
  {
    "id": 0,
    "name": "Red",
    "kind": "EnumMember",
    "path": "tests/fixtures/typescript.tsx",
    "score": 1030,
    "start_line": 14,
    "end_line": 14,
    "start_column": 5,
    "end_column": 8
  },
  {
    "id": 0,
    "name": "add",
    "kind": "Function",
    "path": "tests/fixtures/typescript.tsx",
    "score": 1030,
    "start_line": 29,
    "end_line": 29,
    "start_column": 10,
    "end_column": 13
  },
  {
    "id": 0,
    "name": "count",
    "kind": "EnumMember",
    "path": "tests/fixtures/typescript.tsx",
    "score": 1030,
    "start_line": 24,
    "end_line": 24,
    "start_column": 14,
    "end_column": 19
  },
  {
    "id": 0,
    "name": "increment",
    "kind": "Method",
    "path": "tests/fixtures/typescript.tsx",
    "score": 1030,
    "start_line": 23,
    "end_line": 23,
    "start_column": 5,
    "end_column": 14
  },
  {
    "id": 0,
    "name": "moduleValue",
    "kind": "Variable",
    "path": "tests/fixtures/typescript.tsx",
    "score": 1000,
    "start_line": 2,
    "end_line": 2,
    "start_column": 14,
    "end_column": 25
  },
  {
    "id": 0,
    "name": "multiply",
    "kind": "Variable",
    "path": "tests/fixtures/typescript.tsx",
    "score": 1000,
    "start_line": 34,
    "end_line": 34,
    "start_column": 7,
    "end_column": 15
  },
  {
    "id": 0,
    "name": "title",
    "kind": "EnumMember",
    "path": "tests/fixtures/typescript.tsx",
    "score": 1030,
    "start_line": 9,
    "end_line": 9,
    "start_column": 5,
    "end_column": 10
  },
  {
    "id": 0,
    "name": "title",
    "kind": "EnumMember",
    "path": "tests/fixtures/typescript.tsx",
    "score": 1030,
    "start_line": 44,
    "end_line": 44,
    "start_column": 34,
    "end_column": 39
  },
  {
    "id": 0,
    "name": "title",
    "kind": "EnumMember",
    "path": "tests/fixtures/typescript.tsx",
    "score": 1030,
    "start_line": 51,
    "end_line": 51,
    "start_column": 30,
    "end_column": 35
  },
  {
    "id": 0,
    "name": "value",
    "kind": "Variable",
    "path": "tests/fixtures/typescript.tsx",
    "score": 1000,
    "start_line": 37,
    "end_line": 37,
    "start_column": 5,
    "end_column": 10
  }
]
