---
source: src/resolver/database_backed_resolver.rs
expression: resolved_symbols
---
[
  {
    "id": 0,
    "name": "ArrowFunctional",
    "kind": "Variable",
    "path": "tests/fixtures/javascript.jsx",
    "score": 1016,
    "start_line": 39,
    "end_line": 39,
    "start_column": 7,
    "end_column": 22
  },
  {
    "id": 0,
    "name": "FunctionalComponent",
    "kind": "Function",
    "path": "tests/fixtures/javascript.jsx",
    "score": 1023,
    "start_line": 30,
    "end_line": 30,
    "start_column": 10,
    "end_column": 29
  },
  {
    "id": 0,
    "name": "arrowFunc",
    "kind": "Variable",
    "path": "tests/fixtures/javascript.jsx",
    "score": 1016,
    "start_line": 25,
    "end_line": 25,
    "start_column": 7,
    "end_column": 16
  },
  {
    "id": 0,
    "name": "regularFunction",
    "kind": "Function",
    "path": "tests/fixtures/javascript.jsx",
    "score": 1021,
    "start_line": 21,
    "end_line": 21,
    "start_column": 10,
    "end_column": 25
  },
  {
    "id": 0,
    "name": "async_function",
    "kind": "Function",
    "path": "tests/fixtures/python.py",
    "score": 1022,
    "start_line": 48,
    "end_line": 48,
    "start_column": 11,
    "end_column": 25
  },
  {
    "id": 0,
    "name": "decorated_function",
    "kind": "Function",
    "path": "tests/fixtures/python.py",
    "score": 1022,
    "start_line": 23,
    "end_line": 23,
    "start_column": 5,
    "end_column": 23
  },
  {
    "id": 0,
    "name": "func",
    "kind": "Parameter",
    "path": "tests/fixtures/python.py",
    "score": 1053,
    "start_line": 19,
    "end_line": 19,
    "start_column": 15,
    "end_column": 19
  },
  {
    "id": 0,
    "name": "genericFunction",
    "kind": "Function",
    "path": "tests/fixtures/typescript.ts",
    "score": 1021,
    "start_line": 44,
    "end_line": 44,
    "start_column": 10,
    "end_column": 25
  },
  {
    "id": 0,
    "name": "myFunction",
    "kind": "Function",
    "path": "tests/fixtures/typescript.ts",
    "score": 1021,
    "start_line": 39,
    "end_line": 39,
    "start_column": 10,
    "end_column": 20
  }
]
