---
source: src/resolver/database_backed_resolver.rs
expression: resolved_symbols
---
[
  {
    "id": 0,
    "name": "ArrowFunctional",
    "kind": "Variable",
    "language": "JavascriptJsx",
    "path": "tests/fixtures/javascript.jsx",
    "score": 1029,
    "start_line": 39,
    "end_line": 39,
    "start_column": 7,
    "end_column": 22
  },
  {
    "id": 0,
    "name": "FunctionalComponent",
    "kind": "Function",
    "language": "JavascriptJsx",
    "path": "tests/fixtures/javascript.jsx",
    "score": 1055,
    "start_line": 30,
    "end_line": 30,
    "start_column": 10,
    "end_column": 29
  },
  {
    "id": 0,
    "name": "SelfClosingComponent",
    "kind": "Value",
    "language": "JavascriptJsx",
    "path": "tests/fixtures/javascript.jsx",
    "score": 1000,
    "start_line": 83,
    "end_line": 83,
    "start_column": 22,
    "end_column": 42
  },
  {
    "id": 0,
    "name": "arrowFunc",
    "kind": "Variable",
    "language": "JavascriptJsx",
    "path": "tests/fixtures/javascript.jsx",
    "score": 1029,
    "start_line": 25,
    "end_line": 25,
    "start_column": 7,
    "end_column": 16
  },
  {
    "id": 0,
    "name": "regularFunction",
    "kind": "Function",
    "language": "JavascriptJsx",
    "path": "tests/fixtures/javascript.jsx",
    "score": 1049,
    "start_line": 21,
    "end_line": 21,
    "start_column": 10,
    "end_column": 25
  },
  {
    "id": 0,
    "name": "async_function",
    "kind": "Function",
    "language": "Python",
    "path": "tests/fixtures/python.py",
    "score": 1051,
    "start_line": 48,
    "end_line": 48,
    "start_column": 11,
    "end_column": 25
  },
  {
    "id": 0,
    "name": "decorated_function",
    "kind": "Function",
    "language": "Python",
    "path": "tests/fixtures/python.py",
    "score": 1051,
    "start_line": 23,
    "end_line": 23,
    "start_column": 5,
    "end_column": 23
  },
  {
    "id": 0,
    "name": "func",
    "kind": "Parameter",
    "language": "Python",
    "path": "tests/fixtures/python.py",
    "score": 1058,
    "start_line": 19,
    "end_line": 19,
    "start_column": 15,
    "end_column": 19
  },
  {
    "id": 0,
    "name": "genericFunction",
    "kind": "Function",
    "language": "TypeScript",
    "path": "tests/fixtures/typescript.ts",
    "score": 1049,
    "start_line": 45,
    "end_line": 45,
    "start_column": 10,
    "end_column": 25
  },
  {
    "id": 0,
    "name": "myArrowFunction",
    "kind": "Function",
    "language": "TypeScript",
    "path": "tests/fixtures/typescript.ts",
    "score": 1049,
    "start_line": 40,
    "end_line": 40,
    "start_column": 7,
    "end_column": 22
  },
  {
    "id": 0,
    "name": "myFunction",
    "kind": "Function",
    "language": "TypeScript",
    "path": "tests/fixtures/typescript.ts",
    "score": 1049,
    "start_line": 39,
    "end_line": 39,
    "start_column": 10,
    "end_column": 20
  },
  {
    "id": 0,
    "name": "myGenericArrowFunction",
    "kind": "Function",
    "language": "TypeScript",
    "path": "tests/fixtures/typescript.ts",
    "score": 1049,
    "start_line": 46,
    "end_line": 46,
    "start_column": 7,
    "end_column": 29
  }
]
